// Jest Snapshot v1, https://goo.gl/fbAQLP

exports[`Gets the / endpoint 1`] = `"Hello World"`;
